Archive member included because of file (symbol)

contiki-z1.a(contiki-z1-plat)
                              obj_z1/contiki-z1-main.o (init_platform)
contiki-z1.a(msp430.o)        obj_z1/contiki-z1-main.o (splhigh_)
contiki-z1.a(leds.o)          obj_z1/contiki-z1-main.o (leds_init)
contiki-z1.a(watchdog.o)      obj_z1/contiki-z1-main.o (watchdog_start)
contiki-z1.a(xmem.o)          obj_z1/contiki-z1-main.o (xmem_init)
contiki-z1.a(spi.o)           contiki-z1.a(xmem.o) (spi_init)
contiki-z1.a(cc2420.o)        obj_z1/contiki-z1-main.o (cc2420_set_pan_addr)
contiki-z1.a(cc2420-arch.o)   contiki-z1.a(cc2420.o) (cc2420_arch_init)
contiki-z1.a(node-id.o)       obj_z1/contiki-z1-main.o (node_id_restore)
contiki-z1.a(sensors.o)       contiki-z1.a(contiki-z1-plat) (sensors_process)
contiki-z1.a(uart0.o)         obj_z1/contiki-z1-main.o (uart0_active)
contiki-z1.a(uart0-putchar.o)
                              obj_z1/contiki-z1-main.o (putchar)
contiki-z1.a(z1-sensors.o)    contiki-z1.a(sensors.o) (sensors_flags)
contiki-z1.a(adxl345.o)       obj_z1/contiki-z1-main.o (adxl345)
contiki-z1.a(tmp102.o)        contiki-z1.a(z1-sensors.o) (tmp102)
contiki-z1.a(clock.o)         obj_z1/contiki-z1-main.o (clock_init)
contiki-z1.a(leds-arch.o)     contiki-z1.a(leds.o) (leds_arch_init)
contiki-z1.a(rtimer-arch.o)   obj_z1/contiki-z1-main.o (rtimer_arch_now)
contiki-z1.a(autostart.o)     obj_z1/contiki-z1-main.o (autostart_start)
contiki-z1.a(ctimer.o)        obj_z1/contiki-z1-main.o (ctimer_init)
contiki-z1.a(energest.o)      obj_z1/contiki-z1-main.o (energest_init)
contiki-z1.a(etimer.o)        contiki-z1.a(clock.o) (etimer_request_poll)
contiki-z1.a(process.o)       contiki-z1.a(ctimer.o) (process_current)
contiki-z1.a(rtimer.o)        obj_z1/contiki-z1-main.o (rtimer_init)
contiki-z1.a(timer.o)         contiki-z1.a(adxl345.o) (timer_set)
contiki-z1.a(list.o)          contiki-z1.a(ctimer.o) (list_init)
contiki-z1.a(random.o)        obj_z1/contiki-z1-main.o (random_init)
contiki-z1.a(uip-ds6.o)       obj_z1/contiki-z1-main.o (uip_ds6_get_link_local)
contiki-z1.a(uip-ds6-route.o)
                              contiki-z1.a(uip-ds6.o) (uip_ds6_route_init)
contiki-z1.a(uip6.o)          obj_z1/contiki-z1-main.o (uip_lladdr)
contiki-z1.a(uip-ds6-nbr.o)   contiki-z1.a(uip-ds6.o) (uip_ds6_neighbors_init)
contiki-z1.a(uip-nd6.o)       contiki-z1.a(uip6.o) (uip_nd6_init)
contiki-z1.a(sicslowpan.o)    udp-demo.co (sicslowpan_get_last_rssi)
contiki-z1.a(uip-debug.o)     udp-demo.co (uip_debug_ipaddr_print)
contiki-z1.a(tcpip.o)         contiki-z1.a(sicslowpan.o) (tcpip_set_outputfunc)
contiki-z1.a(simple-udp.o)    udp-demo.co (simple_udp_sendto)
contiki-z1.a(rpl-dag.o)       contiki-z1.a(tcpip.o) (rpl_repair_root)
contiki-z1.a(rpl-timers.o)    contiki-z1.a(rpl-dag.o) (rpl_reset_dio_timer)
contiki-z1.a(rpl-ext-header.)
                              contiki-z1.a(uip6.o) (rpl_verify_hbh_header)
contiki-z1.a(rpl.o)           contiki-z1.a(rpl-timers.o) (rpl_get_mode)
contiki-z1.a(rpl-mrhof.o)     contiki-z1.a(rpl-dag.o) (rpl_mrhof)
contiki-z1.a(queuebuf.o)      obj_z1/contiki-z1-main.o (queuebuf_init)
contiki-z1.a(nbr-table.o)     contiki-z1.a(uip-ds6-route.o) (nbr_table_register)
contiki-z1.a(packetbuf.o)     contiki-z1.a(cc2420.o) (packetbuf_set_datalen)
contiki-z1.a(linkaddr.o)      obj_z1/contiki-z1-main.o (linkaddr_copy)
contiki-z1.a(link-stats.o)    contiki-z1.a(rpl-dag.o) (link_stats_from_lladdr)
contiki-z1.a(framer-802154.o)
                              contiki-z1.a(sicslowpan.o) (framer_802154)
contiki-z1.a(csma.o)          obj_z1/contiki-z1-main.o (csma_driver)
contiki-z1.a(contikimac.o)    obj_z1/contiki-z1-main.o (contikimac_driver)
contiki-z1.a(nullsec.o)       obj_z1/contiki-z1-main.o (nullsec_driver)
contiki-z1.a(i2cmaster.o)     contiki-z1.a(adxl345.o) (i2c_receiveinit)
contiki-z1.a(button-sensor.o)
                              contiki-z1.a(z1-sensors.o) (button_sensor)
contiki-z1.a(stimer.o)        contiki-z1.a(uip-ds6.o) (stimer_set)
contiki-z1.a(memb.o)          contiki-z1.a(uip-ds6-route.o) (memb_init)
contiki-z1.a(uip-icmp6.o)     contiki-z1.a(uip6.o) (uip_icmp6_input)
contiki-z1.a(uip-udp-packet.)
                              contiki-z1.a(simple-udp.o) (uip_udp_packet_sendto)
contiki-z1.a(rpl-icmp6.o)     contiki-z1.a(rpl-dag.o) (rpl_icmp6_update_nbr_table)
contiki-z1.a(rpl-nbr-policy.)
                              contiki-z1.a(nbr-table.o) (rpl_nbr_policy_find_removable)
contiki-z1.a(mac-sequence.o)  contiki-z1.a(contikimac.o) (mac_sequence_is_duplicate)
contiki-z1.a(frame802154.o)   contiki-z1.a(framer-802154.o) (frame802154_get_pan_id)
contiki-z1.a(mac.o)           contiki-z1.a(csma.o) (mac_call_sent_callback)
/usr/lib/gcc/msp430/4.6.3/mcpu-430x/mmpy-16/libgcc.a(_mulsi3.o)
                              contiki-z1.a(rpl-timers.o) (__mulsi3)
/usr/lib/gcc/msp430/4.6.3/mcpu-430x/mmpy-16/libgcc.a(_udivmod16.o)
                              contiki-z1.a(rpl-dag.o) (__udivhi3)
[...]
Memory Configuration

Name             Origin             Length             Attributes
sfr              0x0000000000000000 0x0000000000000010
peripheral_8bit  0x0000000000000010 0x00000000000000f0
peripheral_16bit 0x0000000000000100 0x0000000000000100
ram_mirror       0x0000000000000200 0x0000000000000800 xw
infomem          0x0000000000001000 0x0000000000000100
infod            0x0000000000001000 0x0000000000000040
infoc            0x0000000000001040 0x0000000000000040
infob            0x0000000000001080 0x0000000000000040
infoa            0x00000000000010c0 0x0000000000000040
ram              0x0000000000001100 0x0000000000002000 xw
rom              0x0000000000003100 0x000000000000cebe xr
vectors          0x000000000000ffc0 0x0000000000000040
far_rom          0x0000000000010000 0x000000000000a000
bsl              0x0000000000000000 0x0000000000000000
ram2             0x0000000000000000 0x0000000000000000 xw
usbram           0x0000000000000000 0x0000000000000000 xw
*default*        0x0000000000000000 0xffffffffffffffff

Linker script and memory map

LOAD /usr/lib/gcc/msp430/4.6.3/mcpu-430x/mmpy-16/crt0ivtbl32.o
                0x0000000000000041                __P1SEL2 = 0x41
                0x0000000000000045                __P5SEL2 = 0x45
LOAD udp-demo.co
LOAD obj_z1/contiki-z1-main.o
LOAD contiki-z1.a
LOAD /usr/lib/gcc/msp430/4.6.3/mcpu-430x/mmpy-16/libgcc.a
LOAD /usr/lib/gcc/msp430/4.6.3/../../../../msp430/lib/mcpu-430x/mmpy-16/libc.a
LOAD /usr/lib/gcc/msp430/4.6.3/mcpu-430x/mmpy-16/libgcc.a
LOAD /usr/lib/gcc/msp430/4.6.3/mcpu-430x/mmpy-16/libcrt0.a
                0x0000000000000040                PROVIDE (__info_segment_size, 0x40)
                0x0000000000001000                PROVIDE (__infod, 0x1000)
                0x0000000000001040                PROVIDE (__infoc, 0x1040)
                0x0000000000001080                PROVIDE (__infob, 0x1080)
                0x00000000000010c0                PROVIDE (__infoa, 0x10c0)
                0x0000000000000000                __IE1 = 0x0
                0x0000000000000002                __IFG1 = 0x2
                0x0000000000000001                __IE2 = 0x1
                0x0000000000000003                __IFG2 = 0x3
                0x0000000000000006                __UC1IE = 0x6
                0x0000000000000007                __UC1IFG = 0x7
                0x00000000000001a0                __ADC12CTL0 = 0x1a0
                0x00000000000001a2                __ADC12CTL1 = 0x1a2
                0x00000000000001a4                __ADC12IFG = 0x1a4
                0x00000000000001a6                __ADC12IE = 0x1a6
                0x00000000000001a8                __ADC12IV = 0x1a8
                0x0000000000000140                __ADC12MEM0 = 0x140
                0x0000000000000142                __ADC12MEM1 = 0x142
                0x0000000000000144                __ADC12MEM2 = 0x144
                0x0000000000000146                __ADC12MEM3 = 0x146
                0x0000000000000148                __ADC12MEM4 = 0x148
                0x000000000000014a                __ADC12MEM5 = 0x14a
                0x000000000000014c                __ADC12MEM6 = 0x14c
                0x000000000000014e                __ADC12MEM7 = 0x14e
                0x0000000000000150                __ADC12MEM8 = 0x150
                0x0000000000000152                __ADC12MEM9 = 0x152
                0x0000000000000154                __ADC12MEM10 = 0x154
                0x0000000000000156                __ADC12MEM11 = 0x156
                0x0000000000000158                __ADC12MEM12 = 0x158
                0x000000000000015a                __ADC12MEM13 = 0x15a
                0x000000000000015c                __ADC12MEM14 = 0x15c
                0x000000000000015e                __ADC12MEM15 = 0x15e
                0x0000000000000080                __ADC12MCTL0 = 0x80
                0x0000000000000081                __ADC12MCTL1 = 0x81
                0x0000000000000082                __ADC12MCTL2 = 0x82
                0x0000000000000083                __ADC12MCTL3 = 0x83
                0x0000000000000084                __ADC12MCTL4 = 0x84
                0x0000000000000085                __ADC12MCTL5 = 0x85
                0x0000000000000086                __ADC12MCTL6 = 0x86
                0x0000000000000087                __ADC12MCTL7 = 0x87
                0x0000000000000088                __ADC12MCTL8 = 0x88
                0x0000000000000089                __ADC12MCTL9 = 0x89
                0x000000000000008a                __ADC12MCTL10 = 0x8a
                0x000000000000008b                __ADC12MCTL11 = 0x8b
                0x000000000000008c                __ADC12MCTL12 = 0x8c
                0x000000000000008d                __ADC12MCTL13 = 0x8d
                0x000000000000008e                __ADC12MCTL14 = 0x8e
                0x000000000000008f                __ADC12MCTL15 = 0x8f
                0x0000000000000056                __DCOCTL = 0x56
                0x0000000000000057                __BCSCTL1 = 0x57
                0x0000000000000058                __BCSCTL2 = 0x58
                0x0000000000000053                __BCSCTL3 = 0x53
                0x0000000000000059                __CACTL1 = 0x59
                0x000000000000005a                __CACTL2 = 0x5a
                0x000000000000005b                __CAPD = 0x5b
                0x00000000000001c0                __DAC12_0CTL = 0x1c0
                0x00000000000001c2                __DAC12_1CTL = 0x1c2
                0x00000000000001c8                __DAC12_0DAT = 0x1c8
                0x00000000000001ca                __DAC12_1DAT = 0x1ca
                0x0000000000000122                __DMACTL0 = 0x122
                0x0000000000000124                __DMACTL1 = 0x124
                0x0000000000000126                __DMAIV = 0x126
                0x00000000000001d0                __DMA0CTL = 0x1d0
                0x00000000000001dc                __DMA1CTL = 0x1dc
                0x00000000000001e8                __DMA2CTL = 0x1e8
                0x00000000000001d2                __DMA0SA = 0x1d2
                0x00000000000001d2                __DMA0SAL = 0x1d2
                0x00000000000001d6                __DMA0DA = 0x1d6
                0x00000000000001d6                __DMA0DAL = 0x1d6
                0x00000000000001da                __DMA0SZ = 0x1da
                0x00000000000001de                __DMA1SA = 0x1de
                0x00000000000001de                __DMA1SAL = 0x1de
                0x00000000000001e2                __DMA1DA = 0x1e2
                0x00000000000001e2                __DMA1DAL = 0x1e2
                0x00000000000001e6                __DMA1SZ = 0x1e6
                0x00000000000001ea                __DMA2SA = 0x1ea
                0x00000000000001ea                __DMA2SAL = 0x1ea
                0x00000000000001ee                __DMA2DA = 0x1ee
                0x00000000000001ee                __DMA2DAL = 0x1ee
                0x00000000000001f2                __DMA2SZ = 0x1f2
                0x0000000000000128                __FCTL1 = 0x128
                0x000000000000012a                __FCTL2 = 0x12a
                0x000000000000012c                __FCTL3 = 0x12c
                0x00000000000001be                __FCTL4 = 0x1be
                0x0000000000000130                __MPY = 0x130
                0x0000000000000132                __MPYS = 0x132
                0x0000000000000134                __MAC = 0x134
                0x0000000000000136                __MACS = 0x136
                0x0000000000000138                __OP2 = 0x138
                0x000000000000013a                __RESLO = 0x13a
                0x000000000000013c                __RESHI = 0x13c
                0x000000000000013e                __SUMEXT = 0x13e
                0x0000000000000020                __P1IN = 0x20
                0x0000000000000021                __P1OUT = 0x21
                0x0000000000000022                __P1DIR = 0x22
                0x0000000000000023                __P1IFG = 0x23
                0x0000000000000024                __P1IES = 0x24
                0x0000000000000025                __P1IE = 0x25
                0x0000000000000026                __P1SEL = 0x26
                0x0000000000000027                __P1REN = 0x27
                0x0000000000000028                __P2IN = 0x28
                0x0000000000000029                __P2OUT = 0x29
                0x000000000000002a                __P2DIR = 0x2a
                0x000000000000002b                __P2IFG = 0x2b
                0x000000000000002c                __P2IES = 0x2c
                0x000000000000002d                __P2IE = 0x2d
                0x000000000000002e                __P2SEL = 0x2e
                0x000000000000002f                __P2REN = 0x2f
                0x0000000000000018                __P3IN = 0x18
                0x0000000000000019                __P3OUT = 0x19
                0x000000000000001a                __P3DIR = 0x1a
                0x000000000000001b                __P3SEL = 0x1b
                0x0000000000000010                __P3REN = 0x10
                0x000000000000001c                __P4IN = 0x1c
                0x000000000000001d                __P4OUT = 0x1d
                0x000000000000001e                __P4DIR = 0x1e
                0x000000000000001f                __P4SEL = 0x1f
                0x0000000000000011                __P4REN = 0x11
                0x0000000000000030                __P5IN = 0x30
                0x0000000000000031                __P5OUT = 0x31
                0x0000000000000032                __P5DIR = 0x32
                0x0000000000000033                __P5SEL = 0x33
                0x0000000000000012                __P5REN = 0x12
                0x0000000000000034                __P6IN = 0x34
                0x0000000000000035                __P6OUT = 0x35
                0x0000000000000036                __P6DIR = 0x36
                0x0000000000000037                __P6SEL = 0x37
                0x0000000000000013                __P6REN = 0x13
                0x0000000000000038                __P7IN = 0x38
                0x000000000000003a                __P7OUT = 0x3a
                0x000000000000003c                __P7DIR = 0x3c
                0x000000000000003e                __P7SEL = 0x3e
                0x0000000000000014                __P7REN = 0x14
                0x0000000000000039                __P8IN = 0x39
                0x000000000000003b                __P8OUT = 0x3b
                0x000000000000003d                __P8DIR = 0x3d
                0x000000000000003f                __P8SEL = 0x3f
                0x0000000000000015                __P8REN = 0x15
                0x0000000000000038                __PAIN = 0x38
                0x000000000000003a                __PAOUT = 0x3a
                0x000000000000003c                __PADIR = 0x3c
                0x000000000000003e                __PASEL = 0x3e
                0x0000000000000014                __PAREN = 0x14
                0x0000000000000055                __SVSCTL = 0x55
                0x000000000000012e                __TAIV = 0x12e
                0x0000000000000160                __TACTL = 0x160
                0x0000000000000162                __TACCTL0 = 0x162
                0x0000000000000164                __TACCTL1 = 0x164
                0x0000000000000166                __TACCTL2 = 0x166
                0x0000000000000170                __TAR = 0x170
                0x0000000000000172                __TACCR0 = 0x172
                0x0000000000000174                __TACCR1 = 0x174
                0x0000000000000176                __TACCR2 = 0x176
                0x000000000000011e                __TBIV = 0x11e
                0x0000000000000180                __TBCTL = 0x180
                0x0000000000000182                __TBCCTL0 = 0x182
                0x0000000000000184                __TBCCTL1 = 0x184
                0x0000000000000186                __TBCCTL2 = 0x186
                0x0000000000000188                __TBCCTL3 = 0x188
                0x000000000000018a                __TBCCTL4 = 0x18a
                0x000000000000018c                __TBCCTL5 = 0x18c
                0x000000000000018e                __TBCCTL6 = 0x18e
                0x0000000000000190                __TBR = 0x190
                0x0000000000000192                __TBCCR0 = 0x192
                0x0000000000000194                __TBCCR1 = 0x194
                0x0000000000000196                __TBCCR2 = 0x196
                0x0000000000000198                __TBCCR3 = 0x198
                0x000000000000019a                __TBCCR4 = 0x19a
                0x000000000000019c                __TBCCR5 = 0x19c
                0x000000000000019e                __TBCCR6 = 0x19e
                0x0000000000000060                __UCA0CTL0 = 0x60
                0x0000000000000061                __UCA0CTL1 = 0x61
                0x0000000000000062                __UCA0BR0 = 0x62
                0x0000000000000063                __UCA0BR1 = 0x63
                0x0000000000000064                __UCA0MCTL = 0x64
                0x0000000000000065                __UCA0STAT = 0x65
                0x0000000000000066                __UCA0RXBUF = 0x66
                0x0000000000000067                __UCA0TXBUF = 0x67
                0x000000000000005d                __UCA0ABCTL = 0x5d
                0x000000000000005e                __UCA0IRTCTL = 0x5e
                0x000000000000005f                __UCA0IRRCTL = 0x5f
                0x0000000000000068                __UCB0CTL0 = 0x68
                0x0000000000000069                __UCB0CTL1 = 0x69
                0x000000000000006a                __UCB0BR0 = 0x6a
                0x000000000000006b                __UCB0BR1 = 0x6b
                0x000000000000006c                __UCB0I2CIE = 0x6c
                0x000000000000006d                __UCB0STAT = 0x6d
                0x000000000000006e                __UCB0RXBUF = 0x6e
                0x000000000000006f                __UCB0TXBUF = 0x6f
                0x0000000000000118                __UCB0I2COA = 0x118
                0x000000000000011a                __UCB0I2CSA = 0x11a
                0x00000000000000d0                __UCA1CTL0 = 0xd0
                0x00000000000000d1                __UCA1CTL1 = 0xd1
                0x00000000000000d2                __UCA1BR0 = 0xd2
                0x00000000000000d3                __UCA1BR1 = 0xd3
                0x00000000000000d4                __UCA1MCTL = 0xd4
                0x00000000000000d5                __UCA1STAT = 0xd5
                0x00000000000000d6                __UCA1RXBUF = 0xd6
                0x00000000000000d7                __UCA1TXBUF = 0xd7
                0x00000000000000cd                __UCA1ABCTL = 0xcd
                0x00000000000000ce                __UCA1IRTCTL = 0xce
                0x00000000000000cf                __UCA1IRRCTL = 0xcf
                0x00000000000000d8                __UCB1CTL0 = 0xd8
                0x00000000000000d9                __UCB1CTL1 = 0xd9
                0x00000000000000da                __UCB1BR0 = 0xda
                0x00000000000000db                __UCB1BR1 = 0xdb
                0x00000000000000dc                __UCB1I2CIE = 0xdc
                0x00000000000000dd                __UCB1STAT = 0xdd
                0x00000000000000de                __UCB1RXBUF = 0xde
                0x00000000000000df                __UCB1TXBUF = 0xdf
                0x000000000000017c                __UCB1I2COA = 0x17c
                0x000000000000017e                __UCB1I2CSA = 0x17e
                0x0000000000000120                __WDTCTL = 0x120
                0x00000000000010c0                __TLV_CHECKSUM = 0x10c0
                0x00000000000010f6                __TLV_DCO_30_TAG = 0x10f6
                0x00000000000010f7                __TLV_DCO_30_LEN = 0x10f7
                0x00000000000010da                __TLV_ADC12_1_TAG = 0x10da
                0x00000000000010db                __TLV_ADC12_1_LEN = 0x10db
                0x00000000000010f8                __CALDCO_16MHZ = 0x10f8
                0x00000000000010f9                __CALBC1_16MHZ = 0x10f9
                0x00000000000010fa                __CALDCO_12MHZ = 0x10fa
                0x00000000000010fb                __CALBC1_12MHZ = 0x10fb
                0x00000000000010fc                __CALDCO_8MHZ = 0x10fc
                0x00000000000010fd                __CALBC1_8MHZ = 0x10fd
                0x00000000000010fe                __CALDCO_1MHZ = 0x10fe
                0x00000000000010ff                __CALBC1_1MHZ = 0x10ff

.hash
 *(.hash)

.dynsym
 *(.dynsym)

.dynstr
 *(.dynstr)

.gnu.version
 *(.gnu.version)

.gnu.version_d
 *(.gnu.version_d)

.gnu.version_r
 *(.gnu.version_r)

.rel.init
 *(.rel.init)

.rela.init
 *(.rela.init)

.rel.fini
 *(.rel.fini)

.rela.fini
 *(.rela.fini)

.rel.text
 *(.rel.text .rel.text.* .rel.gnu.linkonce.t.*)

.rela.text
 *(.rela.text .rela.text.* .rela.gnu.linkonce.t.*)

.rel.rodata
 *(.rel.rodata .rel.rodata.* .rel.gnu.linkonce.r.*)

.rela.rodata
 *(.rela.rodata .rela.rodata.* .rela.gnu.linkonce.r.*)

.rel.data
 *(.rel.data .rel.data.* .rel.gnu.linkonce.d.*)

.rela.data
 *(.rela.data .rela.data.* .rela.gnu.linkonce.d.*)

.rel.bss
 *(.rel.bss .rel.bss.* .rel.gnu.linkonce.b.*)

.rela.bss
 *(.rela.bss .rela.bss.* .rela.gnu.linkonce.b.*)

.rel.ctors
 *(.rel.ctors)

.rela.ctors
 *(.rela.ctors)

.rel.dtors
 *(.rel.dtors)

.rela.dtors
 *(.rela.dtors)

.rel.got
 *(.rel.got)

.rela.got
 *(.rela.got)

.rel.plt
 *(.rel.plt)

.rela.plt
 *(.rela.plt)

.text           0x0000000000003100     0xc27a
                0x0000000000003100                . = ALIGN (0x2)
 *(.init .init.*)
 *(.init0)
 .init0         0x0000000000003100        0x0 /usr/lib/gcc/msp430/4.6.3/mcpu-430x/mmpy-16/libcrt0.a(_reset_vector__.o)
                0x0000000000003100                _reset_vector__
 *(.init1)
 .init1         0x0000000000003100        0xc /usr/lib/gcc/msp430/4.6.3/mcpu-430x/mmpy-16/libcrt0.a(__watchdog_support.o)
                0x0000000000003100                __watchdog_support
 *(.init2)
 .init2         0x000000000000310c        0x4 /usr/lib/gcc/msp430/4.6.3/mcpu-430x/mmpy-16/libcrt0.a(__init_stack.o)
                0x000000000000310c                __init_stack
 *(.init3)
 .init3         0x0000000000003110        0x0 /usr/lib/gcc/msp430/4.6.3/mcpu-430x/mmpy-16/libcrt0.a(__low_level_init.o)
                0x0000000000003110                __low_level_init
 *(.init4)
 .init4         0x0000000000003110       0x18 /usr/lib/gcc/msp430/4.6.3/mcpu-430x/mmpy-16/libcrt0.a(_copy_data.o)
                0x0000000000003110                __do_copy_data
 .init4         0x0000000000003128       0x16 /usr/lib/gcc/msp430/4.6.3/mcpu-430x/mmpy-16/libcrt0.a(_clear_bss.o)
                0x0000000000003128                __do_clear_bss
 *(.init5)
 *(.init6)
 *(.init7)
 *(.init8)
 *(.init9)
 .init9         0x000000000000313e      0x350 obj_z1/contiki-z1-main.o
                0x000000000000313e                main
 *(.fini9)
 .fini9         0x000000000000348e        0x0 /usr/lib/gcc/msp430/4.6.3/mcpu-430x/mmpy-16/libcrt0.a(__stop_progExec__.o)
                0x000000000000348e                __stop_progExec__
 *(.fini8)
 *(.fini7)
 *(.fini6)
 *(.fini5)
 *(.fini4)
 *(.fini3)
 *(.fini2)
 *(.fini1)
 *(.fini0)
 .fini0         0x000000000000348e        0x6 /usr/lib/gcc/msp430/4.6.3/mcpu-430x/mmpy-16/libcrt0.a(_endless_loop__.o)
                0x000000000000348e                _endless_loop__
 *(.fini .fini.*)
                0x0000000000003494                . = ALIGN (0x2)
                0x0000000000003494                __ctors_start = .
 *(.ctors)
                0x0000000000003494                __ctors_end = .
                0x0000000000003494                __dtors_start = .
 *(.dtors)
                0x0000000000003494                __dtors_end = .
                0x0000000000003494                . = ALIGN (0x2)
 *(.text .text.* .gnu.linkonce.t.*)
 .text          0x0000000000003494        0x4 /usr/lib/gcc/msp430/4.6.3/mcpu-430x/mmpy-16/crt0ivtbl32.o
                0x0000000000003494                __isr_14
                0x0000000000003494                __isr_4
                0x0000000000003494                __isr_29
                0x0000000000003494                __isr_11
                0x0000000000003494                __isr_5
                0x0000000000003494                __isr_2
                0x0000000000003494                __isr_10
                0x0000000000003494                __isr_7
                0x0000000000003494                __isr_0
                0x0000000000003494                __isr_28
                0x0000000000003494                __isr_8
                0x0000000000003494                __isr_20
                0x0000000000003494                __isr_3
                0x0000000000003494                __isr_12
                0x0000000000003494                __isr_13
                0x0000000000003494                __isr_27
                0x0000000000003494                __isr_9
                0x0000000000003494                __isr_30
                0x0000000000003494                __isr_6
                0x0000000000003494                __isr_22
                0x0000000000003494                __isr_1
                0x0000000000003494                __isr_15
                0x0000000000003494                __isr_21
 .text.crt0     0x0000000000003498        0x0 /usr/lib/gcc/msp430/4.6.3/mcpu-430x/mmpy-16/crt0ivtbl32.o
 .text          0x0000000000003498      0x268 udp-demo.co
                0x0000000000003498                cb_receive_udp
                0x00000000000034b2                connect_udp_server
                0x0000000000003508                ipaddr_sprintf
 .text          0x0000000000003700        0x6 obj_z1/contiki-z1-main.o
                0x0000000000003700                uip_log
 .text          0x0000000000003706        0xc contiki-z1.a(contiki-z1-plat)
                0x0000000000003706                init_platform
 .text          0x0000000000003712       0xe8 contiki-z1.a(msp430.o)
                0x0000000000003712                msp430_init_dco
                0x000000000000373a                msp430_add_lpm_req
                0x0000000000003746                msp430_remove_lpm_req
                0x0000000000003752                splhigh_
                0x000000000000375a                msp430_sync_dco
                0x00000000000037cc                msp430_cpu_init
 .text          0x00000000000037fa      0x146 contiki-z1.a(leds.o)
                0x00000000000038e8                leds_init
                0x00000000000038f2                leds_get
                0x00000000000038f8                leds_set
                0x00000000000038fe                leds_on
                0x0000000000003908                leds_off
                0x0000000000003916                leds_toggle
                0x0000000000003920                leds_blink
 .text          0x0000000000003940       0x5c contiki-z1.a(watchdog.o)
                0x0000000000003940                __isr_26
                0x0000000000003940                watchdog_interrupt
                0x0000000000003946                watchdog_start
                0x000000000000395a                watchdog_periodic
                0x000000000000396c                watchdog_stop
                0x0000000000003982                watchdog_init
                0x0000000000003996                watchdog_reboot
 .text          0x000000000000399c      0x350 contiki-z1.a(xmem.o)
                0x0000000000003a14                xmem_init
                0x0000000000003a32                xmem_pread
                0x0000000000003b02                xmem_pwrite
                0x0000000000003c36                xmem_erase
 .text          0x0000000000003cec       0x38 contiki-z1.a(spi.o)
                0x0000000000003cec                spi_init
 .text          0x0000000000003d24      0xb74 contiki-z1.a(cc2420.o)
                0x000000000000415a                cc2420_on
                0x000000000000417c                cc2420_off
                0x00000000000043a6                cc2420_get_channel
                0x00000000000043ac                cc2420_set_channel
                0x00000000000043e6                cc2420_set_pan_addr
                0x0000000000004432                cc2420_interrupt
                0x000000000000444a                cc2420_set_txpower
                0x0000000000004458                cc2420_get_txpower
                0x0000000000004594                cc2420_rssi
                0x00000000000046de                cc2420_set_cca_threshold
                0x00000000000047a8                cc2420_init
 .text          0x0000000000004898       0x1a contiki-z1.a(cc2420-arch.o)
                0x0000000000004898                cc2420_arch_init
 .text          0x00000000000048b2       0x9a contiki-z1.a(node-id.o)
                0x00000000000048b2                node_id_restore
                0x00000000000048fe                node_id_burn
 .text          0x000000000000494c      0x158 contiki-z1.a(sensors.o)
                0x0000000000004a0a                sensors_first
                0x0000000000004a10                sensors_next
                0x0000000000004a3c                sensors_changed
                0x0000000000004a66                sensors_find
 .text          0x0000000000004aa4       0xe6 contiki-z1.a(uart0.o)
                0x0000000000004aa4                uart0_active
                0x0000000000004ab2                uart0_set_input
                0x0000000000004ab8                uart0_writeb
                0x0000000000004ad0                uart0_init
                0x0000000000004b24                __isr_23
                0x0000000000004b24                uart0_rx_interrupt
 .text          0x0000000000004b8a       0x10 contiki-z1.a(uart0-putchar.o)
                0x0000000000004b8a                putchar
 .text          0x0000000000004b9a        0x0 contiki-z1.a(z1-sensors.o)
 .text          0x0000000000004b9a      0x394 contiki-z1.a(adxl345.o)
                0x0000000000004cae                accm_read_axis
                0x0000000000004d34                accm_set_grange
                0x0000000000004d64                accm_init
                0x0000000000004dda                accm_stop
                0x0000000000004e32                accm_set_irq
                0x0000000000004e6a                port1_isr
                0x0000000000004e6a                __isr_18
 .text          0x0000000000004f2e      0x172 contiki-z1.a(tmp102.o)
                0x0000000000004f40                tmp102_init
                0x0000000000004f64                tmp102_stop
                0x0000000000004f96                tmp102_write_reg
                0x0000000000004fce                tmp102_read_reg
                0x000000000000502e                tmp102_read_temp_raw
                0x0000000000005036                tmp102_read_temp_x100
                0x0000000000005092                tmp102_read_temp_simple
 .text          0x00000000000050a0      0x1e8 contiki-z1.a(clock.o)
                0x00000000000050a0                __isr_24
                0x00000000000050a0                timera1
                0x00000000000051aa                clock_time
                0x00000000000051c4                clock_set
                0x00000000000051da                clock_fine_max
                0x00000000000051e0                clock_fine
                0x00000000000051ec                clock_init
                0x0000000000005214                clock_delay
                0x0000000000005220                clock_wait
                0x0000000000005248                clock_set_seconds
                0x0000000000005260                clock_seconds
                0x000000000000527a                clock_counter
 .text          0x0000000000005288       0x78 contiki-z1.a(leds-arch.o)
                0x0000000000005288                leds_arch_init
                0x0000000000005296                leds_arch_get
                0x00000000000052c6                leds_arch_set
 .text          0x0000000000005300       0x7e contiki-z1.a(rtimer-arch.o)
                0x0000000000005300                rtimer_arch_init
                0x000000000000530e                rtimer_arch_now
                0x000000000000531c                __isr_25
                0x000000000000531c                timera0
                0x0000000000005378                rtimer_arch_schedule
 .text          0x000000000000537e       0x2a contiki-z1.a(autostart.o)
                0x000000000000537e                autostart_start
                0x0000000000005394                autostart_exit
 .text          0x00000000000053a8      0x1c4 contiki-z1.a(ctimer.o)
                0x0000000000005444                ctimer_init
                0x000000000000545c                ctimer_set_with_process
                0x00000000000054aa                ctimer_set
                0x00000000000054ba                ctimer_reset
                0x00000000000054e6                ctimer_restart
                0x0000000000005512                ctimer_stop
                0x000000000000553a                ctimer_expired
 .text          0x000000000000556c       0xae contiki-z1.a(energest.o)
                0x000000000000556c                energest_init
                0x0000000000005594                energest_type_time
                0x00000000000055d0                energest_leveldevice_leveltime
                0x00000000000055d6                energest_type_set
                0x00000000000055e2                energest_flush
 .text          0x000000000000561a      0x270 contiki-z1.a(etimer.o)
                0x000000000000568a                etimer_request_poll
                0x0000000000005794                etimer_set
                0x00000000000057a6                etimer_reset_with_new_interval
                0x00000000000057c4                etimer_reset
                0x00000000000057d6                etimer_restart
                0x00000000000057e8                etimer_adjust
                0x0000000000005802                etimer_expired
                0x0000000000005810                etimer_expiration_time
                0x0000000000005824                etimer_start_time
                0x000000000000582c                etimer_pending
                0x0000000000005838                etimer_next_expiration_time
                0x000000000000584e                etimer_stop
 .text          0x000000000000588a      0x282 contiki-z1.a(process.o)
                0x000000000000598a                process_alloc_event
                0x0000000000005998                process_exit
                0x00000000000059a2                process_init
                0x00000000000059be                process_run
                0x0000000000005a4a                process_nevents
                0x0000000000005a58                process_post
                0x0000000000005aa2                process_post_synch
                0x0000000000005ab4                process_start
                0x0000000000005ae6                process_poll
                0x0000000000005afe                process_is_running
 .text          0x0000000000005b0c       0x50 contiki-z1.a(rtimer.o)
                0x0000000000005b0c                rtimer_init
                0x0000000000005b12                rtimer_set
                0x0000000000005b36                rtimer_run_next
 .text          0x0000000000005b5c       0x8c contiki-z1.a(timer.o)
                0x0000000000005b5c                timer_set
                0x0000000000005b78                timer_reset
                0x0000000000005b86                timer_restart
                0x0000000000005b9a                timer_expired
                0x0000000000005bc4                timer_remaining
 .text          0x0000000000005be8       0xf6 contiki-z1.a(list.o)
                0x0000000000005be8                list_init
                0x0000000000005bee                list_head
                0x0000000000005bf2                list_copy
                0x0000000000005bf8                list_tail
                0x0000000000005c0a                list_chop
                0x0000000000005c2e                list_pop
                0x0000000000005c3c                list_remove
                0x0000000000005c70                list_push
                0x0000000000005c86                list_add
                0x0000000000005cac                list_length
                0x0000000000005cbc                list_insert
                0x0000000000005cd2                list_item_next
 .text          0x0000000000005cde        0xc contiki-z1.a(random.o)
                0x0000000000005cde                random_init
                0x0000000000005ce4                random_rand
 .text          0x0000000000005cea      0x688 contiki-z1.a(uip-ds6.o)
                0x0000000000005cea                uip_ds6_list_loop
                0x0000000000005d50                uip_ds6_prefix_add
                0x0000000000005dc0                uip_ds6_prefix_rm
                0x0000000000005dca                uip_ds6_prefix_lookup
                0x0000000000005df2                uip_ds6_is_addr_onlink
                0x0000000000005e34                uip_ds6_addr_lookup
                0x0000000000005e5e                uip_ds6_get_link_local
                0x0000000000005e9c                uip_ds6_get_global
                0x0000000000005eda                uip_ds6_maddr_add
                0x0000000000005f22                uip_ds6_addr_add
                0x0000000000005fd6                uip_ds6_maddr_rm
                0x0000000000005fe0                uip_ds6_maddr_lookup
                0x000000000000600a                uip_ds6_addr_rm
                0x000000000000605e                uip_ds6_periodic
                0x00000000000060a4                uip_ds6_aaddr_add
                0x00000000000060ea                uip_ds6_aaddr_rm
                0x00000000000060f4                uip_ds6_aaddr_lookup
                0x000000000000611c                uip_ds6_set_addr_iid
                0x0000000000006130                get_match_length
                0x000000000000616a                uip_ds6_select_src
                0x0000000000006204                uip_ds6_compute_reachable_time
                0x000000000000623a                uip_ds6_init
 .text          0x0000000000006372      0x49e contiki-z1.a(uip-ds6-route.o)
                0x00000000000063b2                uip_ds6_notification_add
                0x00000000000063ca                uip_ds6_notification_rm
                0x00000000000063d6                uip_ds6_route_init
                0x000000000000640c                uip_ds6_route_nexthop
                0x0000000000006426                uip_ds6_route_head
                0x0000000000006430                uip_ds6_route_next
                0x000000000000643e                uip_ds6_route_is_nexthop
                0x000000000000645c                uip_ds6_route_num_routes
                0x0000000000006462                uip_ds6_route_lookup
                0x00000000000064d0                uip_ds6_route_rm
                0x00000000000065aa                uip_ds6_route_add
                0x00000000000066a6                uip_ds6_route_rm_by_nexthop
                0x00000000000066ba                uip_ds6_defrt_head
                0x00000000000066c4                uip_ds6_defrt_rm
                0x0000000000006708                uip_ds6_defrt_lookup
                0x000000000000673a                uip_ds6_defrt_add
                0x00000000000067a2                uip_ds6_defrt_choose
                0x00000000000067d8                uip_ds6_defrt_periodic
 .text          0x0000000000006810     0x12b4 contiki-z1.a(uip6.o)
                0x0000000000006964                uip_add32
                0x00000000000069c8                uip_chksum
                0x00000000000069e0                uip_icmp6chksum
                0x00000000000069ea                uip_tcpchksum
                0x00000000000069f4                uip_udpchksum
                0x00000000000069fe                uip_init
                0x0000000000006a54                uip_connect
                0x0000000000006b5a                remove_ext_hdr
                0x0000000000006bac                uip_udp_new
                0x0000000000006c4c                uip_unlisten
                0x0000000000006c68                uip_listen
                0x0000000000006c86                uip_process
                0x0000000000007a26                uip_htons
                0x0000000000007a32                uip_htonl
                0x0000000000007a5c                uip_send
 .text.unlikely
                0x0000000000007ac4       0x2e contiki-z1.a(uip6.o)
 .text          0x0000000000007af2      0x12c contiki-z1.a(uip-ds6-nbr.o)
                0x0000000000007af2                uip_ds6_nbr_rm
                0x0000000000007b10                uip_ds6_neighbors_init
                0x0000000000007b22                uip_ds6_nbr_add
                0x0000000000007b58                uip_ds6_nbr_get_ipaddr
                0x0000000000007b5a                uip_ds6_nbr_get_ll
                0x0000000000007b66                uip_ds6_nbr_num
                0x0000000000007b8a                uip_ds6_nbr_lookup
                0x0000000000007bc8                uip_ds6_nbr_ll_lookup
                0x0000000000007bd4                uip_ds6_nbr_ipaddr_from_lladdr
                0x0000000000007bda                uip_ds6_nbr_lladdr_from_ipaddr
                0x0000000000007bec                uip_ds6_link_neighbor_callback
 .text          0x0000000000007c1e      0x26c contiki-z1.a(uip-nd6.o)
                0x0000000000007e80                uip_nd6_init
 .text          0x0000000000007e8a     0x1126 contiki-z1.a(sicslowpan.o)
                0x0000000000008866                sicslowpan_init
                0x0000000000008f9e                rime_sniffer_add
                0x0000000000008fa4                rime_sniffer_remove
                0x0000000000008faa                sicslowpan_get_last_rssi
 .text          0x0000000000008fb0       0xba contiki-z1.a(uip-debug.o)
                0x0000000000008fb0                uip_debug_ipaddr_print
 .text          0x000000000000906a      0x408 contiki-z1.a(tcpip.o)
                0x0000000000009080                tcpip_output
                0x0000000000009090                tcpip_set_outputfunc
                0x0000000000009096                tcp_unlisten
                0x00000000000090bc                tcp_listen
                0x00000000000090e0                tcp_attach
                0x00000000000090ec                udp_attach
                0x00000000000090f8                udp_new
                0x0000000000009112                udp_broadcast_new
                0x0000000000009158                tcpip_input
                0x000000000000916e                tcpip_ipv6_output
                0x00000000000093d0                tcpip_poll_udp
                0x00000000000093de                tcpip_poll_tcp
                0x00000000000093ec                tcp_connect
                0x000000000000940e                tcpip_uipcall
 .text          0x0000000000009472      0x19e contiki-z1.a(simple-udp.o)
                0x000000000000950e                simple_udp_send
                0x0000000000009538                simple_udp_sendto
                0x0000000000009560                simple_udp_sendto_port
                0x0000000000009586                simple_udp_register
 .text          0x0000000000009610     0x1212 contiki-z1.a(rpl-dag.o)
                0x0000000000009778                rpl_dag_init
                0x0000000000009786                rpl_get_parent
                0x0000000000009792                rpl_get_parent_rank
                0x00000000000097aa                rpl_get_parent_link_metric
                0x00000000000097d8                rpl_rank_via_parent
                0x0000000000009806                rpl_get_parent_lladdr
                0x0000000000009812                rpl_get_nbr
                0x000000000000982a                rpl_get_parent_ipaddr
                0x0000000000009834                rpl_get_parent_link_stats
                0x000000000000983e                rpl_print_neighbor_list
                0x000000000000994c                rpl_parent_is_fresh
                0x00000000000099c6                rpl_parent_is_reachable
                0x0000000000009a0c                rpl_set_prefix
                0x0000000000009a80                rpl_set_default_route
                0x0000000000009aba                rpl_alloc_instance
                0x0000000000009aee                rpl_set_default_instance
                0x0000000000009af4                rpl_get_default_instance
                0x0000000000009afa                rpl_add_parent
                0x0000000000009b34                rpl_find_parent
                0x0000000000009b4c                rpl_find_parent_any_dag
                0x0000000000009b6c                rpl_select_parent
                0x0000000000009bce                rpl_select_dag
                0x0000000000009d3c                rpl_nullify_parent
                0x0000000000009d98                rpl_remove_parent
                0x0000000000009de0                rpl_free_dag
                0x0000000000009e24                rpl_free_instance
                0x0000000000009e8c                rpl_move_parent
                0x0000000000009eec                rpl_has_downward_route
                0x0000000000009f02                rpl_get_dag
                0x0000000000009f5e                rpl_get_any_dag
                0x0000000000009f76                rpl_get_instance
                0x0000000000009f90                rpl_alloc_dag
                0x0000000000009fec                rpl_repair_root
                0x000000000000a03c                rpl_find_of
                0x000000000000a04c                rpl_set_root
                0x000000000000a17a                rpl_join_instance
                0x000000000000a2be                rpl_local_repair
                0x000000000000a33c                rpl_process_parent_event
                0x000000000000a3be                rpl_recalculate_ranks
                0x000000000000a404                rpl_add_dag
                0x000000000000a508                rpl_process_dio
 .text          0x000000000000a822      0x504 contiki-z1.a(rpl-timers.o)
                0x000000000000aaf0                rpl_reset_periodic_timer
                0x000000000000ab4c                rpl_reset_dio_timer
                0x000000000000ab64                rpl_schedule_dao
                0x000000000000ab70                rpl_schedule_dao_immediately
                0x000000000000ab7a                rpl_cancel_dao
                0x000000000000ab94                rpl_schedule_unicast_dio_immediately
                0x000000000000abaa                get_probing_delay
                0x000000000000abea                get_probing_target
                0x000000000000accc                rpl_schedule_probing
 .text          0x000000000000ad26      0x332 contiki-z1.a(rpl-ext-header.)
                0x000000000000ae86                rpl_verify_hbh_header
                0x000000000000af7e                rpl_remove_header
                0x000000000000aff4                rpl_update_header
 .text          0x000000000000b058      0x2a6 contiki-z1.a(rpl.o)
                0x000000000000b058                rpl_get_mode
                0x000000000000b05e                rpl_set_mode
                0x000000000000b0b0                rpl_purge_routes
                0x000000000000b144                rpl_remove_routes
                0x000000000000b166                rpl_remove_routes_by_nexthop
                0x000000000000b1a4                rpl_add_route
                0x000000000000b1f2                rpl_link_neighbor_callback
                0x000000000000b23e                rpl_ipv6_neighbor_callback
                0x000000000000b25c                rpl_purge_dags
                0x000000000000b2ba                rpl_init
 .text          0x000000000000b2fe      0x190 contiki-z1.a(rpl-mrhof.o)
 .text          0x000000000000b48e      0x13c contiki-z1.a(queuebuf.o)
                0x000000000000b48e                queuebuf_init
                0x000000000000b4a0                queuebuf_numfree
                0x000000000000b4aa                queuebuf_new_from_packetbuf
                0x000000000000b4f8                queuebuf_update_attr_from_packetbuf
                0x000000000000b50a                queuebuf_update_from_packetbuf
                0x000000000000b52c                queuebuf_free
                0x000000000000b556                queuebuf_to_packetbuf
                0x000000000000b588                queuebuf_dataptr
                0x000000000000b5a4                queuebuf_datalen
                0x000000000000b5ac                queuebuf_addr
                0x000000000000b5ba                queuebuf_attr
                0x000000000000b5c8                queuebuf_debug_print
 .text          0x000000000000b5ca      0x4fc contiki-z1.a(nbr-table.o)
                0x000000000000b7a0                nbr_table_register
                0x000000000000b7c6                nbr_table_next
                0x000000000000b83e                nbr_table_head
                0x000000000000b870                nbr_table_add_lladdr
                0x000000000000b990                nbr_table_get_from_lladdr
                0x000000000000b9d4                nbr_table_remove
                0x000000000000b9fe                nbr_table_lock
                0x000000000000ba0e                nbr_table_unlock
                0x000000000000ba1e                nbr_table_get_lladdr
                0x000000000000ba72                nbr_table_update_lladdr
 .text          0x000000000000bac6      0x1be contiki-z1.a(packetbuf.o)
                0x000000000000bac6                packetbuf_hdrreduce
                0x000000000000bae0                packetbuf_set_datalen
                0x000000000000bae6                packetbuf_hdrptr
                0x000000000000baec                packetbuf_datalen
                0x000000000000baf2                packetbuf_hdrlen
                0x000000000000bafc                packetbuf_dataptr
                0x000000000000bb08                packetbuf_copyto
                0x000000000000bb42                packetbuf_compact
                0x000000000000bb78                packetbuf_totlen
                0x000000000000bb84                packetbuf_hdralloc
                0x000000000000bbbe                packetbuf_remaininglen
                0x000000000000bbcc                packetbuf_attr_clear
                0x000000000000bbf4                packetbuf_clear
                0x000000000000bc06                packetbuf_copyfrom
                0x000000000000bc30                packetbuf_attr_copyto
                0x000000000000bc52                packetbuf_attr_copyfrom
                0x000000000000bc76                packetbuf_holds_broadcast
 .text          0x000000000000bc84       0x26 contiki-z1.a(linkaddr.o)
                0x000000000000bc84                linkaddr_copy
                0x000000000000bc8c                linkaddr_cmp
                0x000000000000bc9e                linkaddr_set_node_addr
 .text          0x000000000000bcaa      0x238 contiki-z1.a(link-stats.o)
                0x000000000000bcd6                link_stats_from_lladdr
                0x000000000000bce2                link_stats_is_fresh
                0x000000000000bd12                guess_etx_from_rssi
                0x000000000000bd54                link_stats_packet_sent
                0x000000000000be14                link_stats_input_callback
                0x000000000000bec0                link_stats_init
 .text          0x000000000000bee2      0x1c6 contiki-z1.a(framer-802154.o)
 .text          0x000000000000c0a8      0x38a contiki-z1.a(csma.o)
 .text          0x000000000000c432      0x5fc contiki-z1.a(contikimac.o)
                0x000000000000ca2a                contikimac_debug_print
 .text          0x000000000000ca2e       0x12 contiki-z1.a(nullsec.o)
 .text          0x000000000000ca40      0x1b2 contiki-z1.a(i2cmaster.o)
                0x000000000000ca40                i2c_setrate
                0x000000000000ca46                i2c_receiveinit
                0x000000000000ca7e                i2c_transmitinit
                0x000000000000cab0                i2c_receive_n
                0x000000000000caf4                i2c_busy
                0x000000000000cafe                i2c_enable
                0x000000000000cb22                i2c_disable
                0x000000000000cb3c                i2c_transmit_n
                0x000000000000cb50                __isr_16
                0x000000000000cb50                i2c_tx_interrupt
                0x000000000000cbda                i2c_rx_interrupt
                0x000000000000cbda                __isr_17
 .text          0x000000000000cbf2      0x100 contiki-z1.a(button-sensor.o)
                0x000000000000cc7c                irq_p2
                0x000000000000cc7c                __isr_19
 .text          0x000000000000ccf2       0xa4 contiki-z1.a(stimer.o)
                0x000000000000ccf2                stimer_set
                0x000000000000cd0e                stimer_reset
                0x000000000000cd1c                stimer_restart
                0x000000000000cd30                stimer_expired
                0x000000000000cd60                stimer_remaining
                0x000000000000cd84                stimer_elapsed
 .text          0x000000000000cd96      0x102 contiki-z1.a(memb.o)
                0x000000000000cd96                memb_init
                0x000000000000cdcc                memb_alloc
                0x000000000000ce0a                memb_free
                0x000000000000ce44                memb_inmemb
                0x000000000000ce72                memb_numfree
 .text          0x000000000000ce98      0x3e4 contiki-z1.a(uip-icmp6.o)
                0x000000000000d00c                uip_icmp6_input
                0x000000000000d04c                uip_icmp6_register_input_handler
                0x000000000000d058                uip_icmp6_error_output
                0x000000000000d1c0                uip_icmp6_send
                0x000000000000d246                uip_icmp6_echo_reply_callback_add
                0x000000000000d25e                uip_icmp6_echo_reply_callback_rm
                0x000000000000d26a                uip_icmp6_init
 .text          0x000000000000d27c       0x80 contiki-z1.a(uip-udp-packet.)
                0x000000000000d27c                uip_udp_packet_send
                0x000000000000d2a6                uip_udp_packet_sendto
 .text          0x000000000000d2fc      0xa62 contiki-z1.a(rpl-icmp6.o)
                0x000000000000d636                rpl_icmp6_update_nbr_table
                0x000000000000d8c8                dis_output
                0x000000000000d918                dio_output
                0x000000000000dba2                dao_output_target
                0x000000000000dc9a                dao_output
                0x000000000000dd3a                dao_ack_output
                0x000000000000dd3c                rpl_icmp6_register_handlers
 .text          0x000000000000dd5e      0x1a2 contiki-z1.a(rpl-nbr-policy.)
                0x000000000000de4a                find_removable_dis
                0x000000000000de60                find_removable_dio
                0x000000000000de9c                find_removable_dao
                0x000000000000ded0                rpl_nbr_policy_find_removable
 .text          0x000000000000df00       0xd0 contiki-z1.a(mac-sequence.o)
                0x000000000000df00                mac_sequence_is_duplicate
                0x000000000000df58                mac_sequence_register_seqno
 .text          0x000000000000dfd0      0x5f4 contiki-z1.a(frame802154.o)
                0x000000000000dfd0                frame802154_get_pan_id
                0x000000000000dfd6                frame802154_set_pan_id
                0x000000000000dfdc                frame802154_has_panid
                0x000000000000e166                frame802154_check_dest_panid
                0x000000000000e19e                frame802154_is_broadcast_addr
                0x000000000000e1c2                frame802154_extract_linkaddr
                0x000000000000e24e                frame802154_hdrlen
                0x000000000000e280                frame802154_create_fcf
                0x000000000000e2ee                frame802154_create
                0x000000000000e3c2                frame802154_parse_fcf
                0x000000000000e44c                frame802154_parse
 .text          0x000000000000e5c4       0x14 contiki-z1.a(mac.o)
                0x000000000000e5c4                mac_call_sent_callback
 .text          0x000000000000e5d8        0x0 /usr/lib/gcc/msp430/4.6.3/mcpu-430x/mmpy-16/libgcc.a(_mulsi3.o)
 .text.libgcc   0x000000000000e5d8       0x2a /usr/lib/gcc/msp430/4.6.3/mcpu-430x/mmpy-16/libgcc.a(_mulsi3.o)
                0x000000000000e5d8                __mulsi3
 .text          0x000000000000e602        0x0 /usr/lib/gcc/msp430/4.6.3/mcpu-430x/mmpy-16/libgcc.a(_udivmod16.o)
 .text.libgcc   0x000000000000e602       0x22 /usr/lib/gcc/msp430/4.6.3/mcpu-430x/mmpy-16/libgcc.a(_udivmod16.o)
                0x000000000000e602                __udivhi3
                0x000000000000e602                __ext_udivmod16
                0x000000000000e61c                __umodhi3
 .text          0x000000000000e624        0x0 /usr/lib/gcc/msp430/4.6.3/mcpu-430x/mmpy-16/libgcc.a(_divmod16.o)
 .text.libgcc   0x000000000000e624       0x3a /usr/lib/gcc/msp430/4.6.3/mcpu-430x/mmpy-16/libgcc.a(_divmod16.o)
                0x000000000000e624                __ext_divmod16
                0x000000000000e624                __divhi3
                0x000000000000e656                __modhi3
 .text          0x000000000000e65e        0x0 /usr/lib/gcc/msp430/4.6.3/mcpu-430x/mmpy-16/libgcc.a(_udivmod32.o)
 .text.libgcc   0x000000000000e65e       0x38 /usr/lib/gcc/msp430/4.6.3/mcpu-430x/mmpy-16/libgcc.a(_udivmod32.o)
                0x000000000000e65e                __udivsi3
                0x000000000000e65e                __ext_udivmod32
                0x000000000000e68c                __umodsi3
 .text          0x000000000000e696        0x0 /usr/lib/gcc/msp430/4.6.3/mcpu-430x/mmpy-16/libgcc.a(_divmod32.o)
 .text.libgcc   0x000000000000e696       0x4c /usr/lib/gcc/msp430/4.6.3/mcpu-430x/mmpy-16/libgcc.a(_divmod32.o)
                0x000000000000e696                __ext_divmod32
                0x000000000000e696                __divsi3
                0x000000000000e6d8                __modsi3
 .text          0x000000000000e6e2       0x28 /usr/lib/gcc/msp430/4.6.3/../../../../msp430/lib/mcpu-430x/mmpy-16/libc.a(strncmp.o)
                0x000000000000e6e2                strncmp
 .text          0x000000000000e70a       0x20 /usr/lib/gcc/msp430/4.6.3/../../../../msp430/lib/mcpu-430x/mmpy-16/libc.a(memcmp.o)
                0x000000000000e70a                memcmp
 .text          0x000000000000e72a       0xe4 /usr/lib/gcc/msp430/4.6.3/../../../../msp430/lib/mcpu-430x/mmpy-16/libc.a(memcpy.o)
                0x000000000000e72a                memcpy
 .text          0x000000000000e80e       0xe4 /usr/lib/gcc/msp430/4.6.3/../../../../msp430/lib/mcpu-430x/mmpy-16/libc.a(memmove.o)
                0x000000000000e80e                memmove
 .text          0x000000000000e8f2       0x5c /usr/lib/gcc/msp430/4.6.3/../../../../msp430/lib/mcpu-430x/mmpy-16/libc.a(memset.o)
                0x000000000000e8f2                memset
 .text          0x000000000000e94e       0x1e /usr/lib/gcc/msp430/4.6.3/../../../../msp430/lib/mcpu-430x/mmpy-16/libc.a(printf.o)
                0x000000000000e94e                printf
                0x000000000000e95e                vprintf
 .text          0x000000000000e96c       0xb8 /usr/lib/gcc/msp430/4.6.3/../../../../msp430/lib/mcpu-430x/mmpy-16/libc.a(sprintf.o)
                0x000000000000e9c6                sprintf
                0x000000000000e9e2                snprintf
                0x000000000000e9fc                vsprintf
                0x000000000000ea12                vsnprintf
 .text          0x000000000000ea24      0x818 /usr/lib/gcc/msp430/4.6.3/../../../../msp430/lib/mcpu-430x/mmpy-16/libc.a(vuprintf.o)
                0x000000000000eba0                vuprintf
 .text          0x000000000000f23c       0x2c /usr/lib/gcc/msp430/4.6.3/../../../../msp430/lib/mcpu-430x/mmpy-16/libc.a(puts.o)
                0x000000000000f23c                puts
 .text          0x000000000000f268       0x54 /usr/lib/gcc/msp430/4.6.3/../../../../msp430/lib/mcpu-430x/mmpy-16/libc.a(rand.o)
                0x000000000000f268                rand_r
                0x000000000000f28c                rand
                0x000000000000f2b2                srand
 .text          0x000000000000f2bc        0x0 /usr/lib/gcc/msp430/4.6.3/mcpu-430x/mmpy-16/libgcc.a(_udivmod64.o)
 .text.libgcc   0x000000000000f2bc       0xbc /usr/lib/gcc/msp430/4.6.3/mcpu-430x/mmpy-16/libgcc.a(_udivmod64.o)
                0x000000000000f2bc                __xabi_udivmod64
                0x000000000000f30e                __udivdi3
                0x000000000000f328                __umoddi3
                0x000000000000f34a                __udivmoddi4
 .text          0x000000000000f378        0x0 /usr/lib/gcc/msp430/4.6.3/mcpu-430x/mmpy-16/libcrt0.a(_reset_vector__.o)
 .text          0x000000000000f378        0x0 /usr/lib/gcc/msp430/4.6.3/mcpu-430x/mmpy-16/libcrt0.a(__watchdog_support.o)
 .text          0x000000000000f378        0x0 /usr/lib/gcc/msp430/4.6.3/mcpu-430x/mmpy-16/libcrt0.a(__init_stack.o)
 .text          0x000000000000f378        0x0 /usr/lib/gcc/msp430/4.6.3/mcpu-430x/mmpy-16/libcrt0.a(__low_level_init.o)
 .text          0x000000000000f378        0x0 /usr/lib/gcc/msp430/4.6.3/mcpu-430x/mmpy-16/libcrt0.a(_copy_data.o)
 .text          0x000000000000f378        0x0 /usr/lib/gcc/msp430/4.6.3/mcpu-430x/mmpy-16/libcrt0.a(_clear_bss.o)
 .text          0x000000000000f378        0x0 /usr/lib/gcc/msp430/4.6.3/mcpu-430x/mmpy-16/libcrt0.a(__stop_progExec__.o)
 .text          0x000000000000f378        0x0 /usr/lib/gcc/msp430/4.6.3/mcpu-430x/mmpy-16/libcrt0.a(_endless_loop__.o)
 .text          0x000000000000f378        0x0 /usr/lib/gcc/msp430/4.6.3/mcpu-430x/mmpy-16/libcrt0.a(_unexpected_.o)
 .text.crt0     0x000000000000f378        0x2 /usr/lib/gcc/msp430/4.6.3/mcpu-430x/mmpy-16/libcrt0.a(_unexpected_.o)
                0x000000000000f378                _unexpected_
                0x000000000000f37a                . = ALIGN (0x2)

.rodata         0x000000000000f37a      0x4a4
                0x000000000000f37a                . = ALIGN (0x2)
 *(.rodata .rodata.* .gnu.linkonce.r.*)
 .rodata        0x000000000000f37a      0x110 udp-demo.co
                0x000000000000f472                autostart_processes
 .rodata        0x000000000000f48a      0x118 obj_z1/contiki-z1-main.o
 .rodata        0x000000000000f5a2       0x2c contiki-z1.a(xmem.o)
 .rodata        0x000000000000f5ce       0x70 contiki-z1.a(cc2420.o)
                0x000000000000f600                cc2420_aes_128_driver
                0x000000000000f604                cc2420_driver
 .rodata        0x000000000000f63e        0x8 contiki-z1.a(sensors.o)
 .rodata        0x000000000000f646       0x2e contiki-z1.a(adxl345.o)
                0x000000000000f656                adxl345
 .rodata        0x000000000000f674       0x16 contiki-z1.a(tmp102.o)
                0x000000000000f682                tmp102
 .rodata        0x000000000000f68a        0xf contiki-z1.a(ctimer.o)
 .rodata        0x000000000000f699        0xc contiki-z1.a(etimer.o)
 *fill*         0x000000000000f6a5        0x1 00
 .rodata        0x000000000000f6a6       0x20 contiki-z1.a(uip6.o)
 .rodata        0x000000000000f6c6       0x24 contiki-z1.a(sicslowpan.o)
                0x000000000000f6d2                sicslowpan_driver
                0x000000000000f6d8                llprefix
                0x000000000000f6da                unc_mxconf
                0x000000000000f6de                unc_ctxconf
                0x000000000000f6e2                unc_llconf
 .rodata        0x000000000000f6ea       0x28 contiki-z1.a(uip-debug.o)
 .rodata        0x000000000000f712        0xd contiki-z1.a(tcpip.o)
 .rodata        0x000000000000f71f       0x13 contiki-z1.a(simple-udp.o)
 .rodata        0x000000000000f732       0x84 contiki-z1.a(rpl-dag.o)
 .rodata        0x000000000000f7b6        0x8 contiki-z1.a(linkaddr.o)
                0x000000000000f7b6                linkaddr_null
 .rodata        0x000000000000f7be        0x6 contiki-z1.a(framer-802154.o)
                0x000000000000f7be                framer_802154
 .rodata        0x000000000000f7c4       0x14 contiki-z1.a(csma.o)
                0x000000000000f7ca                csma_driver
 .rodata        0x000000000000f7d8       0x1c contiki-z1.a(contikimac.o)
                0x000000000000f7e4                contikimac_driver
 .rodata        0x000000000000f7f4       0x10 contiki-z1.a(nullsec.o)
                0x000000000000f7fc                nullsec_driver
 .rodata        0x000000000000f804       0x10 contiki-z1.a(button-sensor.o)
                0x000000000000f80c                button_sensor
 .rodata        0x000000000000f814        0x2 contiki-z1.a(frame802154.o)
 .rodata        0x000000000000f816        0x7 /usr/lib/gcc/msp430/4.6.3/../../../../msp430/lib/mcpu-430x/mmpy-16/libc.a(vuprintf.o)
                0x000000000000f81e                . = ALIGN (0x2)
 *fill*         0x000000000000f81d        0x1 00
                0x000000000000f81e                _etext = .

.data           0x0000000000001100      0x126 load address 0x000000000000f81e
                0x0000000000001100                . = ALIGN (0x2)
                0x0000000000001100                PROVIDE (__data_start, .)
 *(.data .data.* .gnu.linkonce.d.*)
 .data          0x0000000000001100        0x0 /usr/lib/gcc/msp430/4.6.3/mcpu-430x/mmpy-16/crt0ivtbl32.o
 .data          0x0000000000001100        0xa udp-demo.co
                0x0000000000001100                init_system_proc
 .data          0x000000000000110a        0x0 obj_z1/contiki-z1-main.o
 .data          0x000000000000110a        0x0 contiki-z1.a(contiki-z1-plat)
 .data          0x000000000000110a        0x2 contiki-z1.a(msp430.o)
 .data          0x000000000000110c        0x0 contiki-z1.a(leds.o)
 .data          0x000000000000110c        0x0 contiki-z1.a(watchdog.o)
 .data          0x000000000000110c        0x0 contiki-z1.a(xmem.o)
 .data          0x000000000000110c        0x0 contiki-z1.a(spi.o)
 .data          0x000000000000110c        0xc contiki-z1.a(cc2420.o)
                0x000000000000110c                cc2420_process
 .data          0x0000000000001118        0x0 contiki-z1.a(cc2420-arch.o)
 .data          0x0000000000001118        0x0 contiki-z1.a(node-id.o)
 .data          0x0000000000001118        0xa contiki-z1.a(sensors.o)
                0x0000000000001118                sensors_process
 .data          0x0000000000001122        0x0 contiki-z1.a(uart0.o)
 .data          0x0000000000001122        0x0 contiki-z1.a(uart0-putchar.o)
 .data          0x0000000000001122        0x8 contiki-z1.a(z1-sensors.o)
                0x0000000000001122                sensors
 .data          0x000000000000112a       0x20 contiki-z1.a(adxl345.o)
                0x000000000000112a                accmeter_process
 .data          0x000000000000114a        0x0 contiki-z1.a(tmp102.o)
 .data          0x000000000000114a        0x0 contiki-z1.a(clock.o)
 .data          0x000000000000114a        0x0 contiki-z1.a(leds-arch.o)
 .data          0x000000000000114a        0x0 contiki-z1.a(rtimer-arch.o)
 .data          0x000000000000114a        0x0 contiki-z1.a(autostart.o)
 .data          0x000000000000114a        0xa contiki-z1.a(ctimer.o)
                0x000000000000114a                ctimer_process
 .data          0x0000000000001154        0x0 contiki-z1.a(energest.o)
 .data          0x0000000000001154        0xa contiki-z1.a(etimer.o)
                0x0000000000001154                etimer_process
 .data          0x000000000000115e        0x0 contiki-z1.a(process.o)
 .data          0x000000000000115e        0x0 contiki-z1.a(rtimer.o)
 .data          0x000000000000115e        0x0 contiki-z1.a(timer.o)
 .data          0x000000000000115e        0x0 contiki-z1.a(list.o)
 .data          0x000000000000115e        0x0 contiki-z1.a(random.o)
 .data          0x000000000000115e        0x0 contiki-z1.a(uip-ds6.o)
 .data          0x000000000000115e       0x22 contiki-z1.a(uip-ds6-route.o)
                0x000000000000115e                nbr_routes
 .data          0x0000000000001180        0x0 contiki-z1.a(uip6.o)
 .data          0x0000000000001180        0xa contiki-z1.a(uip-ds6-nbr.o)
                0x0000000000001180                ds6_neighbors
 .data          0x000000000000118a        0x6 contiki-z1.a(uip-nd6.o)
 .data          0x0000000000001190        0x0 contiki-z1.a(sicslowpan.o)
 .data          0x0000000000001190        0x0 contiki-z1.a(uip-debug.o)
 .data          0x0000000000001190        0xa contiki-z1.a(tcpip.o)
                0x0000000000001190                tcpip_process
 .data          0x000000000000119a        0xa contiki-z1.a(simple-udp.o)
                0x000000000000119a                simple_udp_process
 .data          0x00000000000011a4        0xa contiki-z1.a(rpl-dag.o)
                0x00000000000011a4                rpl_parents
 .data          0x00000000000011ae        0x0 contiki-z1.a(rpl-timers.o)
 .data          0x00000000000011ae        0x0 contiki-z1.a(rpl-ext-header.)
 .data          0x00000000000011ae        0x0 contiki-z1.a(rpl.o)
 .data          0x00000000000011ae       0x12 contiki-z1.a(rpl-mrhof.o)
                0x00000000000011ae                rpl_mrhof
 .data          0x00000000000011c0       0x10 contiki-z1.a(queuebuf.o)
 .data          0x00000000000011d0        0x8 contiki-z1.a(nbr-table.o)
 .data          0x00000000000011d8        0x0 contiki-z1.a(packetbuf.o)
 .data          0x00000000000011d8        0x0 contiki-z1.a(linkaddr.o)
 .data          0x00000000000011d8        0x8 contiki-z1.a(link-stats.o)
 .data          0x00000000000011e0        0x0 contiki-z1.a(framer-802154.o)
 .data          0x00000000000011e0       0x18 contiki-z1.a(csma.o)
 .data          0x00000000000011f8        0x0 contiki-z1.a(contikimac.o)
 .data          0x00000000000011f8        0x0 contiki-z1.a(nullsec.o)
 .data          0x00000000000011f8        0x1 contiki-z1.a(i2cmaster.o)
                0x00000000000011f8                prescale_lsb
 .data          0x00000000000011f9        0x0 contiki-z1.a(button-sensor.o)
 .data          0x00000000000011f9        0x0 contiki-z1.a(stimer.o)
 .data          0x00000000000011f9        0x0 contiki-z1.a(memb.o)
 *fill*         0x00000000000011f9        0x1 00
 .data          0x00000000000011fa        0xc contiki-z1.a(uip-icmp6.o)
 .data          0x0000000000001206        0x0 contiki-z1.a(uip-udp-packet.)
 .data          0x0000000000001206       0x1a contiki-z1.a(rpl-icmp6.o)
 .data          0x0000000000001220        0x0 contiki-z1.a(rpl-nbr-policy.)
 .data          0x0000000000001220        0x0 contiki-z1.a(mac-sequence.o)
 .data          0x0000000000001220        0x2 contiki-z1.a(frame802154.o)
 .data          0x0000000000001222        0x0 contiki-z1.a(mac.o)
 .data          0x0000000000001222        0x0 /usr/lib/gcc/msp430/4.6.3/mcpu-430x/mmpy-16/libgcc.a(_mulsi3.o)
 .data          0x0000000000001222        0x0 /usr/lib/gcc/msp430/4.6.3/mcpu-430x/mmpy-16/libgcc.a(_udivmod16.o)
 .data          0x0000000000001222        0x0 /usr/lib/gcc/msp430/4.6.3/mcpu-430x/mmpy-16/libgcc.a(_divmod16.o)
 .data          0x0000000000001222        0x0 /usr/lib/gcc/msp430/4.6.3/mcpu-430x/mmpy-16/libgcc.a(_udivmod32.o)
 .data          0x0000000000001222        0x0 /usr/lib/gcc/msp430/4.6.3/mcpu-430x/mmpy-16/libgcc.a(_divmod32.o)
 .data          0x0000000000001222        0x0 /usr/lib/gcc/msp430/4.6.3/../../../../msp430/lib/mcpu-430x/mmpy-16/libc.a(strncmp.o)
 .data          0x0000000000001222        0x0 /usr/lib/gcc/msp430/4.6.3/../../../../msp430/lib/mcpu-430x/mmpy-16/libc.a(memcmp.o)
 .data          0x0000000000001222        0x0 /usr/lib/gcc/msp430/4.6.3/../../../../msp430/lib/mcpu-430x/mmpy-16/libc.a(memcpy.o)
 .data          0x0000000000001222        0x0 /usr/lib/gcc/msp430/4.6.3/../../../../msp430/lib/mcpu-430x/mmpy-16/libc.a(memmove.o)
 .data          0x0000000000001222        0x0 /usr/lib/gcc/msp430/4.6.3/../../../../msp430/lib/mcpu-430x/mmpy-16/libc.a(memset.o)
 .data          0x0000000000001222        0x0 /usr/lib/gcc/msp430/4.6.3/../../../../msp430/lib/mcpu-430x/mmpy-16/libc.a(printf.o)
 .data          0x0000000000001222        0x0 /usr/lib/gcc/msp430/4.6.3/../../../../msp430/lib/mcpu-430x/mmpy-16/libc.a(sprintf.o)
 .data          0x0000000000001222        0x0 /usr/lib/gcc/msp430/4.6.3/../../../../msp430/lib/mcpu-430x/mmpy-16/libc.a(vuprintf.o)
 .data          0x0000000000001222        0x0 /usr/lib/gcc/msp430/4.6.3/../../../../msp430/lib/mcpu-430x/mmpy-16/libc.a(puts.o)
 .data          0x0000000000001222        0x4 /usr/lib/gcc/msp430/4.6.3/../../../../msp430/lib/mcpu-430x/mmpy-16/libc.a(rand.o)
 .data          0x0000000000001226        0x0 /usr/lib/gcc/msp430/4.6.3/mcpu-430x/mmpy-16/libgcc.a(_udivmod64.o)
 .data          0x0000000000001226        0x0 /usr/lib/gcc/msp430/4.6.3/mcpu-430x/mmpy-16/libcrt0.a(_reset_vector__.o)
 .data          0x0000000000001226        0x0 /usr/lib/gcc/msp430/4.6.3/mcpu-430x/mmpy-16/libcrt0.a(__watchdog_support.o)
 .data          0x0000000000001226        0x0 /usr/lib/gcc/msp430/4.6.3/mcpu-430x/mmpy-16/libcrt0.a(__init_stack.o)
 .data          0x0000000000001226        0x0 /usr/lib/gcc/msp430/4.6.3/mcpu-430x/mmpy-16/libcrt0.a(__low_level_init.o)
 .data          0x0000000000001226        0x0 /usr/lib/gcc/msp430/4.6.3/mcpu-430x/mmpy-16/libcrt0.a(_copy_data.o)
 .data          0x0000000000001226        0x0 /usr/lib/gcc/msp430/4.6.3/mcpu-430x/mmpy-16/libcrt0.a(_clear_bss.o)
 .data          0x0000000000001226        0x0 /usr/lib/gcc/msp430/4.6.3/mcpu-430x/mmpy-16/libcrt0.a(__stop_progExec__.o)
 .data          0x0000000000001226        0x0 /usr/lib/gcc/msp430/4.6.3/mcpu-430x/mmpy-16/libcrt0.a(_endless_loop__.o)
 .data          0x0000000000001226        0x0 /usr/lib/gcc/msp430/4.6.3/mcpu-430x/mmpy-16/libcrt0.a(_unexpected_.o)
                0x0000000000001226                . = ALIGN (0x2)
                0x0000000000001226                _edata = .
                0x000000000000f81e                PROVIDE (__data_load_start, LOADADDR (.data))
                0x0000000000000126                PROVIDE (__data_size, SIZEOF (.data))

.bss            0x0000000000001226     0x193c load address 0x000000000000f944
                0x0000000000001226                PROVIDE (__bss_start, .)
 *(.bss .bss.*)
 .bss           0x0000000000001226        0x0 /usr/lib/gcc/msp430/4.6.3/mcpu-430x/mmpy-16/crt0ivtbl32.o
 .bss           0x0000000000001226       0x38 udp-demo.co
 .bss           0x000000000000125e        0x4 obj_z1/contiki-z1-main.o
 .bss           0x0000000000001262        0x0 contiki-z1.a(contiki-z1-plat)
 .bss           0x0000000000001262        0x0 contiki-z1.a(msp430.o)
 .bss           0x0000000000001262        0x1 contiki-z1.a(leds.o)
 *fill*         0x0000000000001263        0x1 00
 .bss           0x0000000000001264        0x2 contiki-z1.a(watchdog.o)
 .bss           0x0000000000001266        0x0 contiki-z1.a(xmem.o)
 .bss           0x0000000000001266        0x2 contiki-z1.a(spi.o)
                0x0000000000001266                spi_busy
 .bss           0x0000000000001268        0xa contiki-z1.a(cc2420.o)
 .bss           0x0000000000001272        0x0 contiki-z1.a(cc2420-arch.o)
 .bss           0x0000000000001272        0x2 contiki-z1.a(node-id.o)
                0x0000000000001272                node_id
 .bss           0x0000000000001274        0x6 contiki-z1.a(sensors.o)
 .bss           0x000000000000127a        0x4 contiki-z1.a(uart0.o)
 .bss           0x000000000000127e        0x0 contiki-z1.a(uart0-putchar.o)
 .bss           0x000000000000127e        0x0 contiki-z1.a(z1-sensors.o)
 .bss           0x000000000000127e       0x16 contiki-z1.a(adxl345.o)
 .bss           0x0000000000001294        0x1 contiki-z1.a(tmp102.o)
 *fill*         0x0000000000001295        0x1 00
 .bss           0x0000000000001296        0xa contiki-z1.a(clock.o)
 .bss           0x00000000000012a0        0x0 contiki-z1.a(leds-arch.o)
 .bss           0x00000000000012a0        0x0 contiki-z1.a(rtimer-arch.o)
 .bss           0x00000000000012a0        0x0 contiki-z1.a(autostart.o)
 .bss           0x00000000000012a0        0x4 contiki-z1.a(ctimer.o)
 .bss           0x00000000000012a4        0x0 contiki-z1.a(energest.o)
 .bss           0x00000000000012a4        0x6 contiki-z1.a(etimer.o)
 .bss           0x00000000000012aa       0x38 contiki-z1.a(process.o)
                0x00000000000012aa                process_current
                0x00000000000012ac                process_list
 .bss           0x00000000000012e2        0x2 contiki-z1.a(rtimer.o)
 .bss           0x00000000000012e4        0x0 contiki-z1.a(timer.o)
 .bss           0x00000000000012e4        0x0 contiki-z1.a(list.o)
 .bss           0x00000000000012e4        0x0 contiki-z1.a(random.o)
 .bss           0x00000000000012e4       0x18 contiki-z1.a(uip-ds6.o)
 .bss           0x00000000000012fc      0x2ba contiki-z1.a(uip-ds6-route.o)
 .bss           0x00000000000015b6        0xc contiki-z1.a(uip6.o)
                0x00000000000015b6                uip_ext_opt_offset
                0x00000000000015b8                uip_ext_len
                0x00000000000015ba                uip_ext_bitmap
 .bss           0x00000000000015c2      0x10e contiki-z1.a(uip-ds6-nbr.o)
 .bss           0x00000000000016d0        0x8 contiki-z1.a(uip-nd6.o)
 .bss           0x00000000000016d8      0x6e6 contiki-z1.a(sicslowpan.o)
 .bss           0x0000000000001dbe        0x0 contiki-z1.a(uip-debug.o)
 .bss           0x0000000000001dbe       0x30 contiki-z1.a(tcpip.o)
 .bss           0x0000000000001dee       0x8e contiki-z1.a(simple-udp.o)
 .bss           0x0000000000001e7c       0x5a contiki-z1.a(rpl-dag.o)
 .bss           0x0000000000001ed6       0x18 contiki-z1.a(rpl-timers.o)
 .bss           0x0000000000001eee        0x0 contiki-z1.a(rpl-ext-header.)
 .bss           0x0000000000001eee        0x2 contiki-z1.a(rpl.o)
 .bss           0x0000000000001ef0        0x0 contiki-z1.a(rpl-mrhof.o)
 .bss           0x0000000000001ef0      0x2d0 contiki-z1.a(queuebuf.o)
 .bss           0x00000000000021c0       0xda contiki-z1.a(nbr-table.o)
 .bss           0x000000000000229a       0x86 contiki-z1.a(packetbuf.o)
 .bss           0x0000000000002320        0x0 contiki-z1.a(linkaddr.o)
 .bss           0x0000000000002320       0x96 contiki-z1.a(link-stats.o)
 .bss           0x00000000000023b6        0x2 contiki-z1.a(framer-802154.o)
 .bss           0x00000000000023b8       0x88 contiki-z1.a(csma.o)
 .bss           0x0000000000002440       0x2a contiki-z1.a(contikimac.o)
 .bss           0x000000000000246a        0x0 contiki-z1.a(nullsec.o)
 .bss           0x000000000000246a        0x4 contiki-z1.a(i2cmaster.o)
                0x000000000000246a                prescale_msb
 .bss           0x000000000000246e        0x8 contiki-z1.a(button-sensor.o)
 .bss           0x0000000000002476        0x0 contiki-z1.a(stimer.o)
 .bss           0x0000000000002476        0x0 contiki-z1.a(memb.o)
 .bss           0x0000000000002476       0x14 contiki-z1.a(uip-icmp6.o)
 .bss           0x000000000000248a        0x0 contiki-z1.a(uip-udp-packet.)
 .bss           0x000000000000248a        0x0 contiki-z1.a(rpl-icmp6.o)
 .bss           0x000000000000248a       0x20 contiki-z1.a(rpl-nbr-policy.)
 .bss           0x00000000000024aa       0xe0 contiki-z1.a(mac-sequence.o)
 .bss           0x000000000000258a        0x0 contiki-z1.a(frame802154.o)
 .bss           0x000000000000258a        0x0 contiki-z1.a(mac.o)
 .bss           0x000000000000258a        0x0 /usr/lib/gcc/msp430/4.6.3/mcpu-430x/mmpy-16/libgcc.a(_mulsi3.o)
 .bss           0x000000000000258a        0x0 /usr/lib/gcc/msp430/4.6.3/mcpu-430x/mmpy-16/libgcc.a(_udivmod16.o)
 .bss           0x000000000000258a        0x0 /usr/lib/gcc/msp430/4.6.3/mcpu-430x/mmpy-16/libgcc.a(_divmod16.o)
 .bss           0x000000000000258a        0x0 /usr/lib/gcc/msp430/4.6.3/mcpu-430x/mmpy-16/libgcc.a(_udivmod32.o)
 .bss           0x000000000000258a        0x0 /usr/lib/gcc/msp430/4.6.3/mcpu-430x/mmpy-16/libgcc.a(_divmod32.o)
 .bss           0x000000000000258a        0x0 /usr/lib/gcc/msp430/4.6.3/../../../../msp430/lib/mcpu-430x/mmpy-16/libc.a(strncmp.o)
 .bss           0x000000000000258a        0x0 /usr/lib/gcc/msp430/4.6.3/../../../../msp430/lib/mcpu-430x/mmpy-16/libc.a(memcmp.o)
 .bss           0x000000000000258a        0x0 /usr/lib/gcc/msp430/4.6.3/../../../../msp430/lib/mcpu-430x/mmpy-16/libc.a(memcpy.o)
 .bss           0x000000000000258a        0x0 /usr/lib/gcc/msp430/4.6.3/../../../../msp430/lib/mcpu-430x/mmpy-16/libc.a(memmove.o)
 .bss           0x000000000000258a        0x0 /usr/lib/gcc/msp430/4.6.3/../../../../msp430/lib/mcpu-430x/mmpy-16/libc.a(memset.o)
 .bss           0x000000000000258a        0x0 /usr/lib/gcc/msp430/4.6.3/../../../../msp430/lib/mcpu-430x/mmpy-16/libc.a(printf.o)
 .bss           0x000000000000258a        0x4 /usr/lib/gcc/msp430/4.6.3/../../../../msp430/lib/mcpu-430x/mmpy-16/libc.a(sprintf.o)
 .bss           0x000000000000258e        0x0 /usr/lib/gcc/msp430/4.6.3/../../../../msp430/lib/mcpu-430x/mmpy-16/libc.a(vuprintf.o)
 .bss           0x000000000000258e        0x0 /usr/lib/gcc/msp430/4.6.3/../../../../msp430/lib/mcpu-430x/mmpy-16/libc.a(puts.o)
 .bss           0x000000000000258e        0x0 /usr/lib/gcc/msp430/4.6.3/../../../../msp430/lib/mcpu-430x/mmpy-16/libc.a(rand.o)
 .bss           0x000000000000258e        0x0 /usr/lib/gcc/msp430/4.6.3/mcpu-430x/mmpy-16/libgcc.a(_udivmod64.o)
 .bss           0x000000000000258e        0x0 /usr/lib/gcc/msp430/4.6.3/mcpu-430x/mmpy-16/libcrt0.a(_reset_vector__.o)
 .bss           0x000000000000258e        0x0 /usr/lib/gcc/msp430/4.6.3/mcpu-430x/mmpy-16/libcrt0.a(__watchdog_support.o)
 .bss           0x000000000000258e        0x0 /usr/lib/gcc/msp430/4.6.3/mcpu-430x/mmpy-16/libcrt0.a(__init_stack.o)
 .bss           0x000000000000258e        0x0 /usr/lib/gcc/msp430/4.6.3/mcpu-430x/mmpy-16/libcrt0.a(__low_level_init.o)
 .bss           0x000000000000258e        0x0 /usr/lib/gcc/msp430/4.6.3/mcpu-430x/mmpy-16/libcrt0.a(_copy_data.o)
 .bss           0x000000000000258e        0x0 /usr/lib/gcc/msp430/4.6.3/mcpu-430x/mmpy-16/libcrt0.a(_clear_bss.o)
 .bss           0x000000000000258e        0x0 /usr/lib/gcc/msp430/4.6.3/mcpu-430x/mmpy-16/libcrt0.a(__stop_progExec__.o)
 .bss           0x000000000000258e        0x0 /usr/lib/gcc/msp430/4.6.3/mcpu-430x/mmpy-16/libcrt0.a(_endless_loop__.o)
 .bss           0x000000000000258e        0x0 /usr/lib/gcc/msp430/4.6.3/mcpu-430x/mmpy-16/libcrt0.a(_unexpected_.o)
 *(COMMON)
 COMMON         0x000000000000258e        0x2 contiki-z1.a(msp430.o)
                0x000000000000258e                msp430_dco_required
 COMMON         0x0000000000002590       0x10 contiki-z1.a(cc2420.o)
                0x0000000000002590                cc2420_last_rssi
                0x0000000000002592                cc2420_sfd_start_time
                0x0000000000002594                cc2420_time_of_departure
                0x0000000000002596                cc2420_time_of_arrival
                0x0000000000002598                cc2420_last_correlation
                0x000000000000259a                cc2420_authority_level_of_sender
                0x000000000000259c                cc2420_sfd_counter
                0x000000000000259e                cc2420_sfd_end_time
 COMMON         0x00000000000025a0        0x8 contiki-z1.a(node-id.o)
                0x00000000000025a0                node_mac
 COMMON         0x00000000000025a8        0x1 contiki-z1.a(sensors.o)
                0x00000000000025a8                sensors_event
 *fill*         0x00000000000025a9        0x1 00
 COMMON         0x00000000000025aa        0x4 contiki-z1.a(z1-sensors.o)
                0x00000000000025aa                sensors_flags
 COMMON         0x00000000000025ae        0x4 contiki-z1.a(adxl345.o)
                0x00000000000025ae                accm_int2_cb
                0x00000000000025b0                accm_int1_cb
 COMMON         0x00000000000025b2       0x56 contiki-z1.a(energest.o)
                0x00000000000025b2                energest_total_time
                0x00000000000025e2                energest_total_count
                0x00000000000025e4                energest_current_mode
                0x00000000000025f0                energest_current_time
 COMMON         0x0000000000002608        0x1 contiki-z1.a(process.o)
                0x0000000000002608                process_maxevents
 *fill*         0x0000000000002609        0x1 00
 COMMON         0x000000000000260a      0x15c contiki-z1.a(uip-ds6.o)
                0x000000000000260a                uip_ds6_timer_ra
                0x0000000000002612                uip_ds6_if
                0x00000000000026fe                uip_ds6_netif_addr_list_offset
                0x00000000000026ff                uip_ds6_addr_size
                0x0000000000002700                uip_ds6_prefix_list
                0x000000000000275a                uip_ds6_timer_periodic
 COMMON         0x0000000000002766      0x2a0 contiki-z1.a(uip6.o)
                0x0000000000002766                uip_len
                0x0000000000002768                uip_sappdata
                0x000000000000276a                uip_acc32
                0x000000000000276e                uip_lladdr
                0x0000000000002776                uip_aligned_buf
                0x0000000000002802                uip_flags
                0x0000000000002804                uip_next_hdr
                0x0000000000002806                uip_udp_conn
                0x0000000000002808                uip_appdata
                0x000000000000280a                uip_conn
                0x000000000000280c                uip_conns
                0x00000000000028bc                uip_listenports
                0x00000000000028cc                uip_slen
                0x00000000000028ce                uip_udp_conns
 COMMON         0x0000000000002a06        0x1 contiki-z1.a(tcpip.o)
                0x0000000000002a06                tcpip_event
 *fill*         0x0000000000002a07        0x1 00
 COMMON         0x0000000000002a08      0x100 contiki-z1.a(rpl-dag.o)
                0x0000000000002a08                default_instance
                0x0000000000002a0a                instance_table
 COMMON         0x0000000000002b08       0x2e contiki-z1.a(packetbuf.o)
                0x0000000000002b08                packetbuf_addrs
                0x0000000000002b18                packetbuf_attrs
 COMMON         0x0000000000002b36        0x8 contiki-z1.a(linkaddr.o)
                0x0000000000002b36                linkaddr_node_addr
 COMMON         0x0000000000002b3e       0x14 contiki-z1.a(link-stats.o)
                0x0000000000002b3e                periodic_timer
 COMMON         0x0000000000002b52       0x10 contiki-z1.a(i2cmaster.o)
                0x0000000000002b52                transmit_data1
                0x0000000000002b53                rx_byte_ctr
                0x0000000000002b54                tx_buf_ptr
                0x0000000000002b56                tx_byte_ctr
                0x0000000000002b58                i
                0x0000000000002b5a                receive_data
                0x0000000000002b5c                rx_buf
                0x0000000000002b5e                transmit_data2
                0x0000000000002b60                rx_buf_ptr
                0x0000000000002b62                . = ALIGN (0x2)
                0x0000000000002b62                PROVIDE (__bss_end, .)
                0x000000000000193c                PROVIDE (__bss_size, SIZEOF (.bss))

.noinit         0x0000000000002b62        0x2 load address 0x000000000000f944
                0x0000000000002b62                PROVIDE (__noinit_start, .)
 *(.noinit .noinit.*)
 .noinit.crt0   0x0000000000002b62        0x2 /usr/lib/gcc/msp430/4.6.3/mcpu-430x/mmpy-16/libcrt0.a(__watchdog_support.o)
                0x0000000000002b62                __wdt_clear_value
                0x0000000000002b64                . = ALIGN (0x2)
                0x0000000000002b64                PROVIDE (__noinit_end, .)
                0x0000000000002b64                . = ALIGN (0x2)
                0x0000000000002b64                _end = .

.infomem        0x0000000000001000        0x0
 *(.infomem)
                0x0000000000001000                . = ALIGN (0x2)
 *(.infomem.*)

.infomemnobits  0x0000000000001000        0x0
 *(.infomemnobits)
                0x0000000000001000                . = ALIGN (0x2)
 *(.infomemnobits.*)

.infoa
 *(.infoa .infoa.*)

.infob
 *(.infob .infob.*)

.infoc
 *(.infoc .infoc.*)

.infod
 *(.infod .infod.*)

.vectors        0x000000000000ffc0       0x40
                0x000000000000ffc0                PROVIDE (__vectors_start, .)
 *(.vectors*)
 .vectors       0x000000000000ffc0       0x40 /usr/lib/gcc/msp430/4.6.3/mcpu-430x/mmpy-16/crt0ivtbl32.o
                0x000000000000ffc0                __ivtbl_32
                0x0000000000010000                _vectors_end = .

.fartext        0x0000000000010000        0x0
                0x0000000000010000                . = ALIGN (0x2)
 *(.fartext)
                0x0000000000010000                . = ALIGN (0x2)
 *(.fartext.*)
                0x0000000000010000                _efartext = .

.profiler
 *(.profiler)

.stab           0x0000000000000000    0x2d750
 *(.stab)
 .stab          0x0000000000000000     0x1bcc udp-demo.co
 .stab          0x0000000000001bcc     0x1344 obj_z1/contiki-z1-main.o
                                       0x1b78 (size before relaxing)
 .stab          0x0000000000002f10      0x288 contiki-z1.a(contiki-z1-plat)
                                        0x5a0 (size before relaxing)
 .stab          0x0000000000003198      0x588 contiki-z1.a(msp430.o)
                                        0x8dc (size before relaxing)
 .stab          0x0000000000003720      0x5dc contiki-z1.a(leds.o)
                                        0x828 (size before relaxing)
 .stab          0x0000000000003cfc      0x3fc contiki-z1.a(watchdog.o)
                                        0x750 (size before relaxing)
 .stab          0x00000000000040f8      0x9fc contiki-z1.a(xmem.o)
                                        0xf3c (size before relaxing)
 .stab          0x0000000000004af4      0x288 contiki-z1.a(spi.o)
                                        0x5dc (size before relaxing)
 .stab          0x0000000000004d7c     0x28c8 contiki-z1.a(cc2420.o)
                                       0x2fe8 (size before relaxing)
 .stab          0x0000000000007644      0xdd4 contiki-z1.a(cc2420-arch.o)
                                       0x16b0 (size before relaxing)
 .stab          0x0000000000008418      0x300 contiki-z1.a(node-id.o)
                                        0x6d8 (size before relaxing)
 .stab          0x0000000000008718      0x654 contiki-z1.a(sensors.o)
                                        0xb70 (size before relaxing)
 .stab          0x0000000000008d6c      0x504 contiki-z1.a(uart0.o)
                                        0xa38 (size before relaxing)
 .stab          0x0000000000009270      0x234 contiki-z1.a(uart0-putchar.o)
                                        0x588 (size before relaxing)
 .stab          0x00000000000094a4      0x3a8 contiki-z1.a(z1-sensors.o)
                                        0x78c (size before relaxing)
 .stab          0x000000000000984c      0xd2c contiki-z1.a(adxl345.o)
                                       0x135c (size before relaxing)
 .stab          0x000000000000a578      0x81c contiki-z1.a(tmp102.o)
                                        0xd74 (size before relaxing)
 .stab          0x000000000000ad94      0x948 contiki-z1.a(clock.o)
                                        0xc9c (size before relaxing)
 .stab          0x000000000000b6dc      0x3a8 contiki-z1.a(leds-arch.o)
                                        0x6fc (size before relaxing)
 .stab          0x000000000000ba84      0x3cc contiki-z1.a(rtimer-arch.o)
                                        0x720 (size before relaxing)
 .stab          0x000000000000be50      0x294 contiki-z1.a(autostart.o)
                                        0x534 (size before relaxing)
 .stab          0x000000000000c0e4      0x858 contiki-z1.a(ctimer.o)
                                        0xbc4 (size before relaxing)
 .stab          0x000000000000c93c      0x474 contiki-z1.a(energest.o)
                                        0x6fc (size before relaxing)
 .stab          0x000000000000cdb0      0xabc contiki-z1.a(etimer.o)
                                        0xd8c (size before relaxing)
 .stab          0x000000000000d86c      0xba0 contiki-z1.a(process.o)
                                       0x1038 (size before relaxing)
 .stab          0x000000000000e40c      0x3c0 contiki-z1.a(rtimer.o)
                                        0x6c0 (size before relaxing)
 .stab          0x000000000000e7cc      0x354 contiki-z1.a(timer.o)
                                        0x594 (size before relaxing)
 .stab          0x000000000000eb20      0x7f8 contiki-z1.a(list.o)
                                        0x804 (size before relaxing)
 .stab          0x000000000000f318      0x228 contiki-z1.a(random.o)
                                        0x624 (size before relaxing)
 .stab          0x000000000000f540     0x14f4 contiki-z1.a(uip-ds6.o)
                                       0x210c (size before relaxing)
 .stab          0x0000000000010a34     0x1380 contiki-z1.a(uip-ds6-route.o)
                                       0x1f98 (size before relaxing)
 .stab          0x0000000000011db4     0x2a54 contiki-z1.a(uip6.o)
                                       0x3750 (size before relaxing)
 .stab          0x0000000000014808      0xcd8 contiki-z1.a(uip-ds6-nbr.o)
                                       0x15a8 (size before relaxing)
 .stab          0x00000000000154e0      0x780 contiki-z1.a(uip-nd6.o)
                                       0x13ec (size before relaxing)
 .stab          0x0000000000015c60     0x28ec contiki-z1.a(sicslowpan.o)
                                       0x3318 (size before relaxing)
 .stab          0x000000000001854c      0x3d8 contiki-z1.a(uip-debug.o)
                                        0xbac (size before relaxing)
 .stab          0x0000000000018924     0x14c4 contiki-z1.a(tcpip.o)
                                       0x2700 (size before relaxing)
 .stab          0x0000000000019de8      0x8d0 contiki-z1.a(simple-udp.o)
                                       0x19ec (size before relaxing)
 .stab          0x000000000001a6b8     0x36cc contiki-z1.a(rpl-dag.o)
                                       0x4380 (size before relaxing)
 .stab          0x000000000001dd84      0xfc0 contiki-z1.a(rpl-timers.o)
                                       0x1d94 (size before relaxing)
 .stab          0x000000000001ed44      0xa50 contiki-z1.a(rpl-ext-header.)
                                       0x1860 (size before relaxing)
 .stab          0x000000000001f794      0xb70 contiki-z1.a(rpl.o)
                                       0x198c (size before relaxing)
 .stab          0x0000000000020304      0x9d8 contiki-z1.a(rpl-mrhof.o)
                                       0x17ac (size before relaxing)
 .stab          0x0000000000020cdc      0xaa4 contiki-z1.a(queuebuf.o)
                                       0x1bc0 (size before relaxing)
 .stab          0x0000000000021780      0xfd8 contiki-z1.a(nbr-table.o)
                                       0x1944 (size before relaxing)
 .stab          0x0000000000022758      0xc6c contiki-z1.a(packetbuf.o)
                                       0x1da0 (size before relaxing)
 .stab          0x00000000000233c4      0x2c4 contiki-z1.a(linkaddr.o)
                                        0x6c0 (size before relaxing)
 .stab          0x0000000000023688      0x7d4 contiki-z1.a(link-stats.o)
                                       0x11a0 (size before relaxing)
 .stab          0x0000000000023e5c      0x90c contiki-z1.a(framer-802154.o)
                                        0xf18 (size before relaxing)
 .stab          0x0000000000024768     0x1134 contiki-z1.a(csma.o)
                                       0x165c (size before relaxing)
 .stab          0x000000000002589c     0x165c contiki-z1.a(contikimac.o)
                                       0x21fc (size before relaxing)
 .stab          0x0000000000026ef8      0x3c0 contiki-z1.a(nullsec.o)
                                        0xcf0 (size before relaxing)
 .stab          0x00000000000272b8      0x894 contiki-z1.a(i2cmaster.o)
                                        0xbe8 (size before relaxing)
 .stab          0x0000000000027b4c      0x468 contiki-z1.a(button-sensor.o)
                                        0x7d4 (size before relaxing)
 .stab          0x0000000000027fb4      0x3c0 contiki-z1.a(stimer.o)
                                        0x600 (size before relaxing)
 .stab          0x0000000000028374      0x5c4 contiki-z1.a(memb.o)
                                        0xaf8 (size before relaxing)
 .stab          0x0000000000028938      0xbdc contiki-z1.a(uip-icmp6.o)